Archive member included to satisfy reference by file (symbol)

c:/program files/microchip/xc8/v2.36/avr/bin/../lib/gcc/avr/5.4.0/avr5/memx-const\libgcc.a(_mulsi3.o)
                              DRIVER/devices/bme.o (__mulsi3)
c:/program files/microchip/xc8/v2.36/avr/bin/../lib/gcc/avr/5.4.0/avr5/memx-const\libgcc.a(_udivmodsi4.o)
                              BSP/bsp_timer.o (__udivmodsi4)
c:/program files/microchip/xc8/v2.36/avr/bin/../lib/gcc/avr/5.4.0/avr5/memx-const\libgcc.a(_divmodsi4.o)
                              APP/main.o (__divmodsi4)
c:/program files/microchip/xc8/v2.36/avr/bin/../lib/gcc/avr/5.4.0/avr5/memx-const\libgcc.a(_negsi2.o)
                              c:/program files/microchip/xc8/v2.36/avr/bin/../lib/gcc/avr/5.4.0/avr5/memx-const\libgcc.a(_divmodsi4.o) (__negsi2)
c:/program files/microchip/xc8/v2.36/avr/bin/../lib/gcc/avr/5.4.0/avr5/memx-const\libgcc.a(_copy_data.o)
                              DRIVER/devices/bme.o (__do_clear_bss)
c:/program files/microchip/xc8/v2.36/avr/bin/../lib/gcc/avr/5.4.0/avr5/memx-const\libgcc.a(_umulhisi3.o)
                              BSP/bsp_timer.o (__umulhisi3)
c:/program files/microchip/xc8/v2.36/avr/bin/../lib/gcc/avr/5.4.0/avr5/memx-const\libgcc.a(_muluhisi3.o)
                              DRIVER/devices/bme.o (__muluhisi3)
c:/program files/microchip/xc8/v2.36/avr/bin/../lib/gcc/avr/5.4.0/avr5/memx-const\libgcc.a(_mulshisi3.o)
                              DRIVER/devices/bme.o (__mulshisi3)
c:/program files/microchip/xc8/v2.36/avr/bin/../lib/gcc/avr/5.4.0/../../../../avr/lib/avr5/memx-const\libc.a(exit.o)
                              E:/MICROCHIP STUDIO/7.0/Packs/atmel/ATmega_DFP/1.7.374/xc8/avr/lib/avr5/memx-const/crtatmega324p.o (exit)
c:/program files/microchip/xc8/v2.36/avr/bin/../lib/gcc/avr/5.4.0/../../../../avr/lib/avr5/memx-const\libc.a(_Exit.o)
                              c:/program files/microchip/xc8/v2.36/avr/bin/../lib/gcc/avr/5.4.0/../../../../avr/lib/avr5/memx-const\libc.a(exit.o) (_Exit)
E:/MICROCHIP STUDIO/7.0/Packs/atmel/ATmega_DFP/1.7.374/xc8/avr/lib/avr5/memx-const\libatmega324p.a(eerd_byte.o)
                              APP/main.o (eeprom_read_byte)
E:/MICROCHIP STUDIO/7.0/Packs/atmel/ATmega_DFP/1.7.374/xc8/avr/lib/avr5/memx-const\libatmega324p.a(eeupd_byte.o)
                              APP/main.o (eeprom_update_byte)
c:/program files/microchip/xc8/v2.36/avr/bin/../lib/gcc/avr/5.4.0/avr5/memx-const\libgcc.a(_exit.o)
                              c:/program files/microchip/xc8/v2.36/avr/bin/../lib/gcc/avr/5.4.0/../../../../avr/lib/avr5/memx-const\libc.a(_Exit.o) (_exit)

Discarded input sections

 .data          0x0000000000000000        0x0 E:/MICROCHIP STUDIO/7.0/Packs/atmel/ATmega_DFP/1.7.374/xc8/avr/lib/avr5/memx-const/crtatmega324p.o
 .bss           0x0000000000000000        0x0 E:/MICROCHIP STUDIO/7.0/Packs/atmel/ATmega_DFP/1.7.374/xc8/avr/lib/avr5/memx-const/crtatmega324p.o
 .text          0x0000000000000000        0x0 APP/main.o
 .data          0x0000000000000000        0x0 APP/main.o
 .bss           0x0000000000000000        0x0 APP/main.o
 .text          0x0000000000000000        0x0 BSP/bsp_adc.o
 .data          0x0000000000000000        0x0 BSP/bsp_adc.o
 .bss           0x0000000000000000        0x0 BSP/bsp_adc.o
 .text          0x0000000000000000        0x0 BSP/bsp_eeprom.o
 .data          0x0000000000000000        0x0 BSP/bsp_eeprom.o
 .bss           0x0000000000000000        0x0 BSP/bsp_eeprom.o
 .text.bsp_eeprom_loadThreshold
                0x0000000000000000       0x10 BSP/bsp_eeprom.o
 .text.bsp_eeprom_saveThreshold
                0x0000000000000000       0x12 BSP/bsp_eeprom.o
 .debug_info    0x0000000000000000      0x392 BSP/bsp_eeprom.o
 .debug_abbrev  0x0000000000000000       0x9b BSP/bsp_eeprom.o
 .debug_loc     0x0000000000000000       0x5f BSP/bsp_eeprom.o
 .debug_aranges
                0x0000000000000000       0x28 BSP/bsp_eeprom.o
 .debug_ranges  0x0000000000000000       0x18 BSP/bsp_eeprom.o
 .debug_line    0x0000000000000000       0x96 BSP/bsp_eeprom.o
 .debug_str     0x0000000000000000       0x23 BSP/bsp_eeprom.o
 .comment       0x0000000000000000       0x30 BSP/bsp_eeprom.o
 .debug_frame   0x0000000000000000       0x34 BSP/bsp_eeprom.o
 .text          0x0000000000000000        0x0 BSP/bsp_i2c.o
 .data          0x0000000000000000        0x0 BSP/bsp_i2c.o
 .bss           0x0000000000000000        0x0 BSP/bsp_i2c.o
 .text          0x0000000000000000        0x0 BSP/bsp_interrupt.o
 .data          0x0000000000000000        0x0 BSP/bsp_interrupt.o
 .bss           0x0000000000000000        0x0 BSP/bsp_interrupt.o
 .text.bsp_interrupt_init
                0x0000000000000000       0x24 BSP/bsp_interrupt.o
 .debug_info    0x0000000000000000      0x3cd BSP/bsp_interrupt.o
 .debug_abbrev  0x0000000000000000       0xa5 BSP/bsp_interrupt.o
 .debug_loc     0x0000000000000000       0xa6 BSP/bsp_interrupt.o
 .debug_aranges
                0x0000000000000000       0x20 BSP/bsp_interrupt.o
 .debug_ranges  0x0000000000000000       0x10 BSP/bsp_interrupt.o
 .debug_line    0x0000000000000000       0x91 BSP/bsp_interrupt.o
 .debug_str     0x0000000000000000       0x1e BSP/bsp_interrupt.o
 .comment       0x0000000000000000       0x30 BSP/bsp_interrupt.o
 .debug_frame   0x0000000000000000       0x24 BSP/bsp_interrupt.o
 .text          0x0000000000000000        0x0 BSP/bsp_timer.o
 .data          0x0000000000000000        0x0 BSP/bsp_timer.o
 .bss           0x0000000000000000        0x0 BSP/bsp_timer.o
 .text          0x0000000000000000        0x0 BSP/bsp_uart.o
 .data          0x0000000000000000        0x0 BSP/bsp_uart.o
 .bss           0x0000000000000000        0x0 BSP/bsp_uart.o
 .text.bsp_uart_txString
                0x0000000000000000        0x6 BSP/bsp_uart.o
 .text          0x0000000000000000        0x0 DRIVER/components/adc.o
 .data          0x0000000000000000        0x0 DRIVER/components/adc.o
 .bss           0x0000000000000000        0x0 DRIVER/components/adc.o
 .text          0x0000000000000000        0x0 DRIVER/components/eeprom.o
 .data          0x0000000000000000        0x0 DRIVER/components/eeprom.o
 .bss           0x0000000000000000        0x0 DRIVER/components/eeprom.o
 .text.eeprom_read8
                0x0000000000000000        0xa DRIVER/components/eeprom.o
 .text.eeprom_write8
                0x0000000000000000        0x6 DRIVER/components/eeprom.o
 .text.eeprom_readBlock
                0x0000000000000000       0x52 DRIVER/components/eeprom.o
 .text.eeprom_writeBlock
                0x0000000000000000       0x5c DRIVER/components/eeprom.o
 .debug_info    0x0000000000000000      0x492 DRIVER/components/eeprom.o
 .debug_abbrev  0x0000000000000000       0xeb DRIVER/components/eeprom.o
 .debug_loc     0x0000000000000000      0x330 DRIVER/components/eeprom.o
 .debug_aranges
                0x0000000000000000       0x38 DRIVER/components/eeprom.o
 .debug_ranges  0x0000000000000000       0x28 DRIVER/components/eeprom.o
 .debug_line    0x0000000000000000      0x142 DRIVER/components/eeprom.o
 .debug_str     0x0000000000000000       0x24 DRIVER/components/eeprom.o
 .comment       0x0000000000000000       0x30 DRIVER/components/eeprom.o
 .debug_frame   0x0000000000000000       0xb8 DRIVER/components/eeprom.o
 .text          0x0000000000000000        0x0 DRIVER/components/gpio.o
 .data          0x0000000000000000        0x0 DRIVER/components/gpio.o
 .bss           0x0000000000000000        0x0 DRIVER/components/gpio.o
 .text.GPIO_setupPinDirection
                0x0000000000000000       0xe6 DRIVER/components/gpio.o
 .text.GPIO_writePin
                0x0000000000000000       0xe6 DRIVER/components/gpio.o
 .text.GPIO_readPin
                0x0000000000000000       0x8c DRIVER/components/gpio.o
 .text.GPIO_setupPortDirection
                0x0000000000000000       0x24 DRIVER/components/gpio.o
 .text.GPIO_writePort
                0x0000000000000000       0x24 DRIVER/components/gpio.o
 .text.GPIO_readPort
                0x0000000000000000       0x2c DRIVER/components/gpio.o
 .debug_info    0x0000000000000000      0x514 DRIVER/components/gpio.o
 .debug_abbrev  0x0000000000000000       0xd2 DRIVER/components/gpio.o
 .debug_loc     0x0000000000000000      0x38f DRIVER/components/gpio.o
 .debug_aranges
                0x0000000000000000       0x48 DRIVER/components/gpio.o
 .debug_ranges  0x0000000000000000       0x38 DRIVER/components/gpio.o
 .debug_line    0x0000000000000000      0x2e7 DRIVER/components/gpio.o
 .debug_str     0x0000000000000000       0x1b DRIVER/components/gpio.o
 .comment       0x0000000000000000       0x30 DRIVER/components/gpio.o
 .debug_frame   0x0000000000000000       0x74 DRIVER/components/gpio.o
 .text          0x0000000000000000        0x0 DRIVER/components/i2c.o
 .data          0x0000000000000000        0x0 DRIVER/components/i2c.o
 .bss           0x0000000000000000        0x0 DRIVER/components/i2c.o
 .text.TWI_getStatus
                0x0000000000000000        0x8 DRIVER/components/i2c.o
 .text          0x0000000000000000        0x0 DRIVER/components/interrupt.o
 .data          0x0000000000000000        0x0 DRIVER/components/interrupt.o
 .bss           0x0000000000000000        0x0 DRIVER/components/interrupt.o
 .text.INT0_init
                0x0000000000000000       0x24 DRIVER/components/interrupt.o
 .text.INT1_init
                0x0000000000000000       0x2e DRIVER/components/interrupt.o
 .text          0x0000000000000000        0x0 DRIVER/components/timer.o
 .data          0x0000000000000000        0x0 DRIVER/components/timer.o
 .bss           0x0000000000000000        0x0 DRIVER/components/timer.o
 .text          0x0000000000000000        0x0 DRIVER/components/uart.o
 .data          0x0000000000000000        0x0 DRIVER/components/uart.o
 .bss           0x0000000000000000        0x0 DRIVER/components/uart.o
 .text.UART0_send
                0x0000000000000000        0xe DRIVER/components/uart.o
 .text.UART1_recv
                0x0000000000000000        0xe DRIVER/components/uart.o
 .text.UART0_sendString
                0x0000000000000000       0x1a DRIVER/components/uart.o
 .text.UART1_sendString
                0x0000000000000000       0x1a DRIVER/components/uart.o
 .text.UART0_recvString
                0x0000000000000000       0x22 DRIVER/components/uart.o
 .text.UART1_recvString
                0x0000000000000000       0x22 DRIVER/components/uart.o
 .text          0x0000000000000000        0x0 DRIVER/devices/bme.o
 .data          0x0000000000000000        0x0 DRIVER/devices/bme.o
 .bss           0x0000000000000000        0x0 DRIVER/devices/bme.o
 .text          0x0000000000000000        0x0 DRIVER/devices/mq.o
 .data          0x0000000000000000        0x0 DRIVER/devices/mq.o
 .bss           0x0000000000000000        0x0 DRIVER/devices/mq.o
 .text.mq_read  0x0000000000000000       0x2e DRIVER/devices/mq.o
 .debug_info    0x0000000000000000      0x33d DRIVER/devices/mq.o
 .debug_abbrev  0x0000000000000000       0xa0 DRIVER/devices/mq.o
 .debug_loc     0x0000000000000000       0xb0 DRIVER/devices/mq.o
 .debug_aranges
                0x0000000000000000       0x20 DRIVER/devices/mq.o
 .debug_ranges  0x0000000000000000       0x10 DRIVER/devices/mq.o
 .debug_line    0x0000000000000000       0x82 DRIVER/devices/mq.o
 .debug_str     0x0000000000000000        0xd DRIVER/devices/mq.o
 .comment       0x0000000000000000       0x30 DRIVER/devices/mq.o
 .debug_frame   0x0000000000000000       0x30 DRIVER/devices/mq.o
 .text          0x0000000000000000        0x0 MW/alarm.o
 .data          0x0000000000000000        0x0 MW/alarm.o
 .bss           0x0000000000000000        0x0 MW/alarm.o
 .text          0x0000000000000000        0x0 MW/print_uart.o
 .data          0x0000000000000000        0x0 MW/print_uart.o
 .bss           0x0000000000000000        0x0 MW/print_uart.o
 .text          0x0000000000000000        0x0 TEST/test_bme.o
 .data          0x0000000000000000        0x0 TEST/test_bme.o
 .bss           0x0000000000000000        0x0 TEST/test_bme.o
 .text.test_bme
                0x0000000000000000       0x26 TEST/test_bme.o
 .debug_info    0x0000000000000000      0x35a TEST/test_bme.o
 .debug_abbrev  0x0000000000000000       0xb1 TEST/test_bme.o
 .debug_aranges
                0x0000000000000000       0x20 TEST/test_bme.o
 .debug_ranges  0x0000000000000000       0x10 TEST/test_bme.o
 .debug_line    0x0000000000000000       0xb2 TEST/test_bme.o
 .debug_str     0x0000000000000000       0x3e TEST/test_bme.o
 .comment       0x0000000000000000       0x30 TEST/test_bme.o
 .debug_frame   0x0000000000000000       0x24 TEST/test_bme.o
 .text          0x0000000000000000        0x0 TEST/test_interrupt.o
 .data          0x0000000000000000        0x0 TEST/test_interrupt.o
 .bss           0x0000000000000000        0x0 TEST/test_interrupt.o
 .text.test_interrupt
                0x0000000000000000       0x14 TEST/test_interrupt.o
 .debug_info    0x0000000000000000      0x3ab TEST/test_interrupt.o
 .debug_abbrev  0x0000000000000000       0x8c TEST/test_interrupt.o
 .debug_aranges
                0x0000000000000000       0x20 TEST/test_interrupt.o
 .debug_ranges  0x0000000000000000       0x10 TEST/test_interrupt.o
 .debug_line    0x0000000000000000       0x9e TEST/test_interrupt.o
 .debug_str     0x0000000000000000       0x2b TEST/test_interrupt.o
 .comment       0x0000000000000000       0x30 TEST/test_interrupt.o
 .debug_frame   0x0000000000000000       0x24 TEST/test_interrupt.o
 .text          0x0000000000000000        0x0 TEST/test_timer.o
 .data          0x0000000000000000        0x0 TEST/test_timer.o
 .bss           0x0000000000000000        0x0 TEST/test_timer.o
 .text.test_timer
                0x0000000000000000       0x10 TEST/test_timer.o
 .debug_info    0x0000000000000000      0x2e3 TEST/test_timer.o
 .debug_abbrev  0x0000000000000000       0x72 TEST/test_timer.o
 .debug_aranges
                0x0000000000000000       0x20 TEST/test_timer.o
 .debug_ranges  0x0000000000000000       0x10 TEST/test_timer.o
 .debug_line    0x0000000000000000       0x66 TEST/test_timer.o
 .debug_str     0x0000000000000000       0x1c TEST/test_timer.o
 .comment       0x0000000000000000       0x30 TEST/test_timer.o
 .debug_frame   0x0000000000000000       0x24 TEST/test_timer.o
 .text          0x0000000000000000        0x0 TEST/test_mq.o
 .data          0x0000000000000000        0x0 TEST/test_mq.o
 .bss           0x0000000000000000        0x0 TEST/test_mq.o
 .text.test_mq  0x0000000000000000       0x34 TEST/test_mq.o
 .debug_info    0x0000000000000000      0x3c0 TEST/test_mq.o
 .debug_abbrev  0x0000000000000000       0xd4 TEST/test_mq.o
 .debug_loc     0x0000000000000000       0x46 TEST/test_mq.o
 .debug_aranges
                0x0000000000000000       0x20 TEST/test_mq.o
 .debug_ranges  0x0000000000000000       0x10 TEST/test_mq.o
 .debug_line    0x0000000000000000       0xd4 TEST/test_mq.o
 .debug_str     0x0000000000000000       0x34 TEST/test_mq.o
 .comment       0x0000000000000000       0x30 TEST/test_mq.o
 .debug_frame   0x0000000000000000       0x24 TEST/test_mq.o
 .text          0x0000000000000000        0x0 TEST/test_uart.o
 .data          0x0000000000000000        0x0 TEST/test_uart.o
 .bss           0x0000000000000000        0x0 TEST/test_uart.o
 .progmemx.data
                0x0000000000000000        0xa TEST/test_uart.o
 .text.test_uart
                0x0000000000000000       0x32 TEST/test_uart.o
 .debug_info    0x0000000000000000      0x371 TEST/test_uart.o
 .debug_abbrev  0x0000000000000000       0x9b TEST/test_uart.o
 .debug_loc     0x0000000000000000       0x1e TEST/test_uart.o
 .debug_aranges
                0x0000000000000000       0x20 TEST/test_uart.o
 .debug_ranges  0x0000000000000000       0x10 TEST/test_uart.o
 .debug_line    0x0000000000000000       0xbc TEST/test_uart.o
 .debug_str     0x0000000000000000       0x46 TEST/test_uart.o
 .comment       0x0000000000000000       0x30 TEST/test_uart.o
 .debug_frame   0x0000000000000000       0x24 TEST/test_uart.o
 .text          0x0000000000000000        0x0 c:/program files/microchip/xc8/v2.36/avr/bin/../lib/gcc/avr/5.4.0/avr5/memx-const\libgcc.a(_mulsi3.o)
 .data          0x0000000000000000        0x0 c:/program files/microchip/xc8/v2.36/avr/bin/../lib/gcc/avr/5.4.0/avr5/memx-const\libgcc.a(_mulsi3.o)
 .bss           0x0000000000000000        0x0 c:/program files/microchip/xc8/v2.36/avr/bin/../lib/gcc/avr/5.4.0/avr5/memx-const\libgcc.a(_mulsi3.o)
 .stack.descriptors
                0x0000000000000000       0x16 c:/program files/microchip/xc8/v2.36/avr/bin/../lib/gcc/avr/5.4.0/avr5/memx-const\libgcc.a(_mulsi3.o)
 .text.libgcc.div
                0x0000000000000000        0x0 c:/program files/microchip/xc8/v2.36/avr/bin/../lib/gcc/avr/5.4.0/avr5/memx-const\libgcc.a(_mulsi3.o)
 .text.libgcc   0x0000000000000000        0x0 c:/program files/microchip/xc8/v2.36/avr/bin/../lib/gcc/avr/5.4.0/avr5/memx-const\libgcc.a(_mulsi3.o)
 .text.libgcc.prologue
                0x0000000000000000        0x0 c:/program files/microchip/xc8/v2.36/avr/bin/../lib/gcc/avr/5.4.0/avr5/memx-const\libgcc.a(_mulsi3.o)
 .text.libgcc.builtins
                0x0000000000000000        0x0 c:/program files/microchip/xc8/v2.36/avr/bin/../lib/gcc/avr/5.4.0/avr5/memx-const\libgcc.a(_mulsi3.o)
 .text.libgcc.fmul
                0x0000000000000000        0x0 c:/program files/microchip/xc8/v2.36/avr/bin/../lib/gcc/avr/5.4.0/avr5/memx-const\libgcc.a(_mulsi3.o)
 .text.libgcc.fixed
                0x0000000000000000        0x0 c:/program files/microchip/xc8/v2.36/avr/bin/../lib/gcc/avr/5.4.0/avr5/memx-const\libgcc.a(_mulsi3.o)
 .text          0x0000000000000000        0x0 c:/program files/microchip/xc8/v2.36/avr/bin/../lib/gcc/avr/5.4.0/avr5/memx-const\libgcc.a(_udivmodsi4.o)
 .data          0x0000000000000000        0x0 c:/program files/microchip/xc8/v2.36/avr/bin/../lib/gcc/avr/5.4.0/avr5/memx-const\libgcc.a(_udivmodsi4.o)
 .bss           0x0000000000000000        0x0 c:/program files/microchip/xc8/v2.36/avr/bin/../lib/gcc/avr/5.4.0/avr5/memx-const\libgcc.a(_udivmodsi4.o)
 .text.libgcc.mul
                0x0000000000000000        0x0 c:/program files/microchip/xc8/v2.36/avr/bin/../lib/gcc/avr/5.4.0/avr5/memx-const\libgcc.a(_udivmodsi4.o)
 .stack.descriptors
                0x0000000000000000       0x1a c:/program files/microchip/xc8/v2.36/avr/bin/../lib/gcc/avr/5.4.0/avr5/memx-const\libgcc.a(_udivmodsi4.o)
 .text.libgcc   0x0000000000000000        0x0 c:/program files/microchip/xc8/v2.36/avr/bin/../lib/gcc/avr/5.4.0/avr5/memx-const\libgcc.a(_udivmodsi4.o)
 .text.libgcc.prologue
                0x0000000000000000        0x0 c:/program files/microchip/xc8/v2.36/avr/bin/../lib/gcc/avr/5.4.0/avr5/memx-const\libgcc.a(_udivmodsi4.o)
 .text.libgcc.builtins
                0x0000000000000000        0x0 c:/program files/microchip/xc8/v2.36/avr/bin/../lib/gcc/avr/5.4.0/avr5/memx-const\libgcc.a(_udivmodsi4.o)
 .text.libgcc.fmul
                0x0000000000000000        0x0 c:/program files/microchip/xc8/v2.36/avr/bin/../lib/gcc/avr/5.4.0/avr5/memx-const\libgcc.a(_udivmodsi4.o)
 .text.libgcc.fixed
                0x0000000000000000        0x0 c:/program files/microchip/xc8/v2.36/avr/bin/../lib/gcc/avr/5.4.0/avr5/memx-const\libgcc.a(_udivmodsi4.o)
 .text          0x0000000000000000        0x0 c:/program files/microchip/xc8/v2.36/avr/bin/../lib/gcc/avr/5.4.0/avr5/memx-const\libgcc.a(_divmodsi4.o)
 .data          0x0000000000000000        0x0 c:/program files/microchip/xc8/v2.36/avr/bin/../lib/gcc/avr/5.4.0/avr5/memx-const\libgcc.a(_divmodsi4.o)
 .bss           0x0000000000000000        0x0 c:/program files/microchip/xc8/v2.36/avr/bin/../lib/gcc/avr/5.4.0/avr5/memx-const\libgcc.a(_divmodsi4.o)
 .text.libgcc.mul
                0x0000000000000000        0x0 c:/program files/microchip/xc8/v2.36/avr/bin/../lib/gcc/avr/5.4.0/avr5/memx-const\libgcc.a(_divmodsi4.o)
 .stack.descriptors
                0x0000000000000000       0x19 c:/program files/microchip/xc8/v2.36/avr/bin/../lib/gcc/avr/5.4.0/avr5/memx-const\libgcc.a(_divmodsi4.o)
 .text.libgcc   0x0000000000000000        0x0 c:/program files/microchip/xc8/v2.36/avr/bin/../lib/gcc/avr/5.4.0/avr5/memx-const\libgcc.a(_divmodsi4.o)
 .text.libgcc.prologue
                0x0000000000000000        0x0 c:/program files/microchip/xc8/v2.36/avr/bin/../lib/gcc/avr/5.4.0/avr5/memx-const\libgcc.a(_divmodsi4.o)
 .text.libgcc.builtins
                0x0000000000000000        0x0 c:/program files/microchip/xc8/v2.36/avr/bin/../lib/gcc/avr/5.4.0/avr5/memx-const\libgcc.a(_divmodsi4.o)
 .text.libgcc.fmul
                0x0000000000000000        0x0 c:/program files/microchip/xc8/v2.36/avr/bin/../lib/gcc/avr/5.4.0/avr5/memx-const\libgcc.a(_divmodsi4.o)
 .text.libgcc.fixed
                0x0000000000000000        0x0 c:/program files/microchip/xc8/v2.36/avr/bin/../lib/gcc/avr/5.4.0/avr5/memx-const\libgcc.a(_divmodsi4.o)
 .text          0x0000000000000000        0x0 c:/program files/microchip/xc8/v2.36/avr/bin/../lib/gcc/avr/5.4.0/avr5/memx-const\libgcc.a(_negsi2.o)
 .data          0x0000000000000000        0x0 c:/program files/microchip/xc8/v2.36/avr/bin/../lib/gcc/avr/5.4.0/avr5/memx-const\libgcc.a(_negsi2.o)
 .bss           0x0000000000000000        0x0 c:/program files/microchip/xc8/v2.36/avr/bin/../lib/gcc/avr/5.4.0/avr5/memx-const\libgcc.a(_negsi2.o)
 .text.libgcc.mul
                0x0000000000000000        0x0 c:/program files/microchip/xc8/v2.36/avr/bin/../lib/gcc/avr/5.4.0/avr5/memx-const\libgcc.a(_negsi2.o)
 .stack.descriptors
                0x0000000000000000       0x16 c:/program files/microchip/xc8/v2.36/avr/bin/../lib/gcc/avr/5.4.0/avr5/memx-const\libgcc.a(_negsi2.o)
 .text.libgcc   0x0000000000000000        0x0 c:/program files/microchip/xc8/v2.36/avr/bin/../lib/gcc/avr/5.4.0/avr5/memx-const\libgcc.a(_negsi2.o)
 .text.libgcc.prologue
                0x0000000000000000        0x0 c:/program files/microchip/xc8/v2.36/avr/bin/../lib/gcc/avr/5.4.0/avr5/memx-const\libgcc.a(_negsi2.o)
 .text.libgcc.builtins
                0x0000000000000000        0x0 c:/program files/microchip/xc8/v2.36/avr/bin/../lib/gcc/avr/5.4.0/avr5/memx-const\libgcc.a(_negsi2.o)
 .text.libgcc.fmul
                0x0000000000000000        0x0 c:/program files/microchip/xc8/v2.36/avr/bin/../lib/gcc/avr/5.4.0/avr5/memx-const\libgcc.a(_negsi2.o)
 .text.libgcc.fixed
                0x0000000000000000        0x0 c:/program files/microchip/xc8/v2.36/avr/bin/../lib/gcc/avr/5.4.0/avr5/memx-const\libgcc.a(_negsi2.o)
 .text          0x0000000000000000        0x0 c:/program files/microchip/xc8/v2.36/avr/bin/../lib/gcc/avr/5.4.0/avr5/memx-const\libgcc.a(_copy_data.o)
 .data          0x0000000000000000        0x0 c:/program files/microchip/xc8/v2.36/avr/bin/../lib/gcc/avr/5.4.0/avr5/memx-const\libgcc.a(_copy_data.o)
 .bss           0x0000000000000000        0x0 c:/program files/microchip/xc8/v2.36/avr/bin/../lib/gcc/avr/5.4.0/avr5/memx-const\libgcc.a(_copy_data.o)
 .text.libgcc.mul
                0x0000000000000000        0x0 c:/program files/microchip/xc8/v2.36/avr/bin/../lib/gcc/avr/5.4.0/avr5/memx-const\libgcc.a(_copy_data.o)
 .text.libgcc.div
                0x0000000000000000        0x0 c:/program files/microchip/xc8/v2.36/avr/bin/../lib/gcc/avr/5.4.0/avr5/memx-const\libgcc.a(_copy_data.o)
 .text.libgcc   0x0000000000000000        0x0 c:/program files/microchip/xc8/v2.36/avr/bin/../lib/gcc/avr/5.4.0/avr5/memx-const\libgcc.a(_copy_data.o)
 .text.libgcc.prologue
                0x0000000000000000        0x0 c:/program files/microchip/xc8/v2.36/avr/bin/../lib/gcc/avr/5.4.0/avr5/memx-const\libgcc.a(_copy_data.o)
 .text.libgcc.builtins
                0x0000000000000000        0x0 c:/program files/microchip/xc8/v2.36/avr/bin/../lib/gcc/avr/5.4.0/avr5/memx-const\libgcc.a(_copy_data.o)
 .text.libgcc.fmul
                0x0000000000000000        0x0 c:/program files/microchip/xc8/v2.36/avr/bin/../lib/gcc/avr/5.4.0/avr5/memx-const\libgcc.a(_copy_data.o)
 .text.libgcc.fixed
                0x0000000000000000        0x0 c:/program files/microchip/xc8/v2.36/avr/bin/../lib/gcc/avr/5.4.0/avr5/memx-const\libgcc.a(_copy_data.o)
 .text          0x0000000000000000        0x0 c:/program files/microchip/xc8/v2.36/avr/bin/../lib/gcc/avr/5.4.0/avr5/memx-const\libgcc.a(_umulhisi3.o)
 .data          0x0000000000000000        0x0 c:/program files/microchip/xc8/v2.36/avr/bin/../lib/gcc/avr/5.4.0/avr5/memx-const\libgcc.a(_umulhisi3.o)
 .bss           0x0000000000000000        0x0 c:/program files/microchip/xc8/v2.36/avr/bin/../lib/gcc/avr/5.4.0/avr5/memx-const\libgcc.a(_umulhisi3.o)
 .stack.descriptors
                0x0000000000000000       0x19 c:/program files/microchip/xc8/v2.36/avr/bin/../lib/gcc/avr/5.4.0/avr5/memx-const\libgcc.a(_umulhisi3.o)
 .text.libgcc.div
                0x0000000000000000        0x0 c:/program files/microchip/xc8/v2.36/avr/bin/../lib/gcc/avr/5.4.0/avr5/memx-const\libgcc.a(_umulhisi3.o)
 .text.libgcc   0x0000000000000000        0x0 c:/program files/microchip/xc8/v2.36/avr/bin/../lib/gcc/avr/5.4.0/avr5/memx-const\libgcc.a(_umulhisi3.o)
 .text.libgcc.prologue
                0x0000000000000000        0x0 c:/program files/microchip/xc8/v2.36/avr/bin/../lib/gcc/avr/5.4.0/avr5/memx-const\libgcc.a(_umulhisi3.o)
 .text.libgcc.builtins
                0x0000000000000000        0x0 c:/program files/microchip/xc8/v2.36/avr/bin/../lib/gcc/avr/5.4.0/avr5/memx-const\libgcc.a(_umulhisi3.o)
 .text.libgcc.fmul
                0x0000000000000000        0x0 c:/program files/microchip/xc8/v2.36/avr/bin/../lib/gcc/avr/5.4.0/avr5/memx-const\libgcc.a(_umulhisi3.o)
 .text.libgcc.fixed
                0x0000000000000000        0x0 c:/program files/microchip/xc8/v2.36/avr/bin/../lib/gcc/avr/5.4.0/avr5/memx-const\libgcc.a(_umulhisi3.o)
 .text          0x0000000000000000        0x0 c:/program files/microchip/xc8/v2.36/avr/bin/../lib/gcc/avr/5.4.0/avr5/memx-const\libgcc.a(_muluhisi3.o)
 .data          0x0000000000000000        0x0 c:/program files/microchip/xc8/v2.36/avr/bin/../lib/gcc/avr/5.4.0/avr5/memx-const\libgcc.a(_muluhisi3.o)
 .bss           0x0000000000000000        0x0 c:/program files/microchip/xc8/v2.36/avr/bin/../lib/gcc/avr/5.4.0/avr5/memx-const\libgcc.a(_muluhisi3.o)
 .stack.descriptors
                0x0000000000000000       0x19 c:/program files/microchip/xc8/v2.36/avr/bin/../lib/gcc/avr/5.4.0/avr5/memx-const\libgcc.a(_muluhisi3.o)
 .text.libgcc.div
                0x0000000000000000        0x0 c:/program files/microchip/xc8/v2.36/avr/bin/../lib/gcc/avr/5.4.0/avr5/memx-const\libgcc.a(_muluhisi3.o)
 .text.libgcc   0x0000000000000000        0x0 c:/program files/microchip/xc8/v2.36/avr/bin/../lib/gcc/avr/5.4.0/avr5/memx-const\libgcc.a(_muluhisi3.o)
 .text.libgcc.prologue
                0x0000000000000000        0x0 c:/program files/microchip/xc8/v2.36/avr/bin/../lib/gcc/avr/5.4.0/avr5/memx-const\libgcc.a(_muluhisi3.o)
 .text.libgcc.builtins
                0x0000000000000000        0x0 c:/program files/microchip/xc8/v2.36/avr/bin/../lib/gcc/avr/5.4.0/avr5/memx-const\libgcc.a(_muluhisi3.o)
 .text.libgcc.fmul
                0x0000000000000000        0x0 c:/program files/microchip/xc8/v2.36/avr/bin/../lib/gcc/avr/5.4.0/avr5/memx-const\libgcc.a(_muluhisi3.o)
 .text.libgcc.fixed
                0x0000000000000000        0x0 c:/program files/microchip/xc8/v2.36/avr/bin/../lib/gcc/avr/5.4.0/avr5/memx-const\libgcc.a(_muluhisi3.o)
 .text          0x0000000000000000        0x0 c:/program files/microchip/xc8/v2.36/avr/bin/../lib/gcc/avr/5.4.0/avr5/memx-const\libgcc.a(_mulshisi3.o)
 .data          0x0000000000000000        0x0 c:/program files/microchip/xc8/v2.36/avr/bin/../lib/gcc/avr/5.4.0/avr5/memx-const\libgcc.a(_mulshisi3.o)
 .bss           0x0000000000000000        0x0 c:/program files/microchip/xc8/v2.36/avr/bin/../lib/gcc/avr/5.4.0/avr5/memx-const\libgcc.a(_mulshisi3.o)
 .stack.descriptors
                0x0000000000000000       0x32 c:/program files/microchip/xc8/v2.36/avr/bin/../lib/gcc/avr/5.4.0/avr5/memx-const\libgcc.a(_mulshisi3.o)
 .text.libgcc.div
                0x0000000000000000        0x0 c:/program files/microchip/xc8/v2.36/avr/bin/../lib/gcc/avr/5.4.0/avr5/memx-const\libgcc.a(_mulshisi3.o)
 .text.libgcc   0x0000000000000000        0x0 c:/program files/microchip/xc8/v2.36/avr/bin/../lib/gcc/avr/5.4.0/avr5/memx-const\libgcc.a(_mulshisi3.o)
 .text.libgcc.prologue
                0x0000000000000000        0x0 c:/program files/microchip/xc8/v2.36/avr/bin/../lib/gcc/avr/5.4.0/avr5/memx-const\libgcc.a(_mulshisi3.o)
 .text.libgcc.builtins
                0x0000000000000000        0x0 c:/program files/microchip/xc8/v2.36/avr/bin/../lib/gcc/avr/5.4.0/avr5/memx-const\libgcc.a(_mulshisi3.o)
 .text.libgcc.fmul
                0x0000000000000000        0x0 c:/program files/microchip/xc8/v2.36/avr/bin/../lib/gcc/avr/5.4.0/avr5/memx-const\libgcc.a(_mulshisi3.o)
 .text.libgcc.fixed
                0x0000000000000000        0x0 c:/program files/microchip/xc8/v2.36/avr/bin/../lib/gcc/avr/5.4.0/avr5/memx-const\libgcc.a(_mulshisi3.o)
 .text          0x0000000000000000        0x0 c:/program files/microchip/xc8/v2.36/avr/bin/../lib/gcc/avr/5.4.0/../../../../avr/lib/avr5/memx-const\libc.a(exit.o)
 .data          0x0000000000000000        0x0 c:/program files/microchip/xc8/v2.36/avr/bin/../lib/gcc/avr/5.4.0/../../../../avr/lib/avr5/memx-const\libc.a(exit.o)
 .bss           0x0000000000000000        0x0 c:/program files/microchip/xc8/v2.36/avr/bin/../lib/gcc/avr/5.4.0/../../../../avr/lib/avr5/memx-const\libc.a(exit.o)
 .text          0x0000000000000000        0x0 c:/program files/microchip/xc8/v2.36/avr/bin/../lib/gcc/avr/5.4.0/../../../../avr/lib/avr5/memx-const\libc.a(_Exit.o)
 .data          0x0000000000000000        0x0 c:/program files/microchip/xc8/v2.36/avr/bin/../lib/gcc/avr/5.4.0/../../../../avr/lib/avr5/memx-const\libc.a(_Exit.o)
 .bss           0x0000000000000000        0x0 c:/program files/microchip/xc8/v2.36/avr/bin/../lib/gcc/avr/5.4.0/../../../../avr/lib/avr5/memx-const\libc.a(_Exit.o)
 .text          0x0000000000000000        0x0 E:/MICROCHIP STUDIO/7.0/Packs/atmel/ATmega_DFP/1.7.374/xc8/avr/lib/avr5/memx-const\libatmega324p.a(eerd_byte.o)
 .data          0x0000000000000000        0x0 E:/MICROCHIP STUDIO/7.0/Packs/atmel/ATmega_DFP/1.7.374/xc8/avr/lib/avr5/memx-const\libatmega324p.a(eerd_byte.o)
 .bss           0x0000000000000000        0x0 E:/MICROCHIP STUDIO/7.0/Packs/atmel/ATmega_DFP/1.7.374/xc8/avr/lib/avr5/memx-const\libatmega324p.a(eerd_byte.o)
 .stack.descriptors
                0x0000000000000000       0x1e E:/MICROCHIP STUDIO/7.0/Packs/atmel/ATmega_DFP/1.7.374/xc8/avr/lib/avr5/memx-const\libatmega324p.a(eerd_byte.o)
 .text          0x0000000000000000        0x0 E:/MICROCHIP STUDIO/7.0/Packs/atmel/ATmega_DFP/1.7.374/xc8/avr/lib/avr5/memx-const\libatmega324p.a(eeupd_byte.o)
 .data          0x0000000000000000        0x0 E:/MICROCHIP STUDIO/7.0/Packs/atmel/ATmega_DFP/1.7.374/xc8/avr/lib/avr5/memx-const\libatmega324p.a(eeupd_byte.o)
 .bss           0x0000000000000000        0x0 E:/MICROCHIP STUDIO/7.0/Packs/atmel/ATmega_DFP/1.7.374/xc8/avr/lib/avr5/memx-const\libatmega324p.a(eeupd_byte.o)
 .stack.descriptors
                0x0000000000000000       0x3f E:/MICROCHIP STUDIO/7.0/Packs/atmel/ATmega_DFP/1.7.374/xc8/avr/lib/avr5/memx-const\libatmega324p.a(eeupd_byte.o)
 .text          0x0000000000000000        0x0 c:/program files/microchip/xc8/v2.36/avr/bin/../lib/gcc/avr/5.4.0/avr5/memx-const\libgcc.a(_exit.o)
 .data          0x0000000000000000        0x0 c:/program files/microchip/xc8/v2.36/avr/bin/../lib/gcc/avr/5.4.0/avr5/memx-const\libgcc.a(_exit.o)
 .bss           0x0000000000000000        0x0 c:/program files/microchip/xc8/v2.36/avr/bin/../lib/gcc/avr/5.4.0/avr5/memx-const\libgcc.a(_exit.o)
 .text.libgcc.mul
                0x0000000000000000        0x0 c:/program files/microchip/xc8/v2.36/avr/bin/../lib/gcc/avr/5.4.0/avr5/memx-const\libgcc.a(_exit.o)
 .text.libgcc.div
                0x0000000000000000        0x0 c:/program files/microchip/xc8/v2.36/avr/bin/../lib/gcc/avr/5.4.0/avr5/memx-const\libgcc.a(_exit.o)
 .text.libgcc   0x0000000000000000        0x0 c:/program files/microchip/xc8/v2.36/avr/bin/../lib/gcc/avr/5.4.0/avr5/memx-const\libgcc.a(_exit.o)
 .text.libgcc.prologue
                0x0000000000000000        0x0 c:/program files/microchip/xc8/v2.36/avr/bin/../lib/gcc/avr/5.4.0/avr5/memx-const\libgcc.a(_exit.o)
 .stack.descriptors
                0x0000000000000000       0x13 c:/program files/microchip/xc8/v2.36/avr/bin/../lib/gcc/avr/5.4.0/avr5/memx-const\libgcc.a(_exit.o)
 .text.libgcc.builtins
                0x0000000000000000        0x0 c:/program files/microchip/xc8/v2.36/avr/bin/../lib/gcc/avr/5.4.0/avr5/memx-const\libgcc.a(_exit.o)
 .text.libgcc.fmul
                0x0000000000000000        0x0 c:/program files/microchip/xc8/v2.36/avr/bin/../lib/gcc/avr/5.4.0/avr5/memx-const\libgcc.a(_exit.o)
 .text.libgcc.fixed
                0x0000000000000000        0x0 c:/program files/microchip/xc8/v2.36/avr/bin/../lib/gcc/avr/5.4.0/avr5/memx-const\libgcc.a(_exit.o)

Memory Configuration

Name             Origin             Length             Attributes
text             0x0000000000000000 0x0000000000008000 xr
data             0x0000000000800100 0x0000000000000800 rw !x
eeprom           0x0000000000810000 0x0000000000000400 rw !x
fuse             0x0000000000820000 0x0000000000000003 rw !x
lock             0x0000000000830000 0x0000000000000400 rw !x
signature        0x0000000000840000 0x0000000000000400 rw !x
user_signatures  0x0000000000850000 0x0000000000000400 rw !x
*default*        0x0000000000000000 0xffffffffffffffff

Linker script and memory map

Address of section .data set to 0x800100
LOAD E:/MICROCHIP STUDIO/7.0/Packs/atmel/ATmega_DFP/1.7.374/xc8/avr/lib/avr5/memx-const/crtatmega324p.o
LOAD APP/main.o
LOAD BSP/bsp_adc.o
LOAD BSP/bsp_eeprom.o
LOAD BSP/bsp_i2c.o
LOAD BSP/bsp_interrupt.o
LOAD BSP/bsp_timer.o
LOAD BSP/bsp_uart.o
LOAD DRIVER/components/adc.o
LOAD DRIVER/components/eeprom.o
LOAD DRIVER/components/gpio.o
LOAD DRIVER/components/i2c.o
LOAD DRIVER/components/interrupt.o
LOAD DRIVER/components/timer.o
LOAD DRIVER/components/uart.o
LOAD DRIVER/devices/bme.o
LOAD DRIVER/devices/mq.o
LOAD MW/alarm.o
LOAD MW/print_uart.o
LOAD TEST/test_bme.o
LOAD TEST/test_interrupt.o
LOAD TEST/test_timer.o
LOAD TEST/test_mq.o
LOAD TEST/test_uart.o
START GROUP
LOAD c:/program files/microchip/xc8/v2.36/avr/bin/../lib/gcc/avr/5.4.0/../../../../avr/lib/avr5/memx-const\libm.a
END GROUP
START GROUP
LOAD c:/program files/microchip/xc8/v2.36/avr/bin/../lib/gcc/avr/5.4.0/avr5/memx-const\libgcc.a
LOAD c:/program files/microchip/xc8/v2.36/avr/bin/../lib/gcc/avr/5.4.0/../../../../avr/lib/avr5/memx-const\libm.a
LOAD c:/program files/microchip/xc8/v2.36/avr/bin/../lib/gcc/avr/5.4.0/../../../../avr/lib/avr5/memx-const\libc.a
LOAD E:/MICROCHIP STUDIO/7.0/Packs/atmel/ATmega_DFP/1.7.374/xc8/avr/lib/avr5/memx-const\libatmega324p.a
END GROUP
                [0x0000000000000000]                __TEXT_REGION_ORIGIN__ = DEFINED (__TEXT_REGION_ORIGIN__)?__TEXT_REGION_ORIGIN__:0x0
                [0x0000000000800100]                __DATA_REGION_ORIGIN__ = DEFINED (__DATA_REGION_ORIGIN__)?__DATA_REGION_ORIGIN__:0x800060
                [0x0000000000008000]                __TEXT_REGION_LENGTH__ = DEFINED (__TEXT_REGION_LENGTH__)?__TEXT_REGION_LENGTH__:0x20000
                [0x0000000000000800]                __DATA_REGION_LENGTH__ = DEFINED (__DATA_REGION_LENGTH__)?__DATA_REGION_LENGTH__:0xffa0
                [0x0000000000000400]                __EEPROM_REGION_LENGTH__ = DEFINED (__EEPROM_REGION_LENGTH__)?__EEPROM_REGION_LENGTH__:0x10000
                [0x0000000000000003]                __FUSE_REGION_LENGTH__ = DEFINED (__FUSE_REGION_LENGTH__)?__FUSE_REGION_LENGTH__:0x400
                0x0000000000000400                __LOCK_REGION_LENGTH__ = DEFINED (__LOCK_REGION_LENGTH__)?__LOCK_REGION_LENGTH__:0x400
                0x0000000000000400                __SIGNATURE_REGION_LENGTH__ = DEFINED (__SIGNATURE_REGION_LENGTH__)?__SIGNATURE_REGION_LENGTH__:0x400
                0x0000000000000400                __USER_SIGNATURE_REGION_LENGTH__ = DEFINED (__USER_SIGNATURE_REGION_LENGTH__)?__USER_SIGNATURE_REGION_LENGTH__:0x400

.hash
 *(.hash)

.dynsym
 *(.dynsym)

.dynstr
 *(.dynstr)

.gnu.version
 *(.gnu.version)

.gnu.version_d
 *(.gnu.version_d)

.gnu.version_r
 *(.gnu.version_r)

.rel.init
 *(.rel.init)

.rela.init
 *(.rela.init)

.rel.text
 *(.rel.text)
 *(.rel.text.*)
 *(.rel.gnu.linkonce.t*)

.rela.text
 *(.rela.text)
 *(.rela.text.*)
 *(.rela.gnu.linkonce.t*)

.rel.fini
 *(.rel.fini)

.rela.fini
 *(.rela.fini)

.rel.rodata
 *(.rel.rodata)
 *(.rel.rodata.*)
 *(.rel.gnu.linkonce.r*)

.rela.rodata
 *(.rela.rodata)
 *(.rela.rodata.*)
 *(.rela.gnu.linkonce.r*)

.rel.data
 *(.rel.data)
 *(.rel.data.*)
 *(.rel.gnu.linkonce.d*)

.rela.data
 *(.rela.data)
 *(.rela.data.*)
 *(.rela.gnu.linkonce.d*)

.rel.ctors
 *(.rel.ctors)

.rela.ctors
 *(.rela.ctors)

.rel.dtors
 *(.rel.dtors)

.rela.dtors
 *(.rela.dtors)

.rel.got
 *(.rel.got)

.rela.got
 *(.rela.got)

.rel.bss
 *(.rel.bss)

.rela.bss
 *(.rela.bss)

.rel.plt
 *(.rel.plt)

.rela.plt
 *(.rela.plt)

.text           0x0000000000000000       0xd6
 *(.vectors)
 .vectors       0x0000000000000000       0x7c E:/MICROCHIP STUDIO/7.0/Packs/atmel/ATmega_DFP/1.7.374/xc8/avr/lib/avr5/memx-const/crtatmega324p.o
                0x0000000000000000                __vector_default
                0x0000000000000000                __vectors
 *(.vectors)
 *(.progmem.gcc*)
 *(.dinit)
 .dinit         0x000000000000007c        0x5 data_init
                0x0000000000000082                . = ALIGN (0x2)
 *fill*         0x0000000000000081        0x1 
                0x0000000000000082                __trampolines_start = .
 *(.trampolines)
 .trampolines   0x0000000000000082        0x0 linker stubs
 *(.trampolines*)
                0x0000000000000082                __trampolines_end = .
 *libprintf_flt.a:*(.progmem.data)
 *libc.a:*(.progmem.data)
                0x0000000000000082                . = ALIGN (0x2)
 *(.jumptables)
 *(.jumptables*)
 *(.lowtext)
 *(.lowtext*)
                0x0000000000000082                __ctors_start = .
 *(.ctors)
                0x0000000000000082                __ctors_end = .
                0x0000000000000082                __dtors_start = .
 *(.dtors)
                0x0000000000000082                __dtors_end = .
 SORT(*)(.ctors)
 SORT(*)(.dtors)
 *(.init0)
 .init0         0x0000000000000082        0x0 E:/MICROCHIP STUDIO/7.0/Packs/atmel/ATmega_DFP/1.7.374/xc8/avr/lib/avr5/memx-const/crtatmega324p.o
                0x0000000000000082                __init
 *(.init0)
 *(.init1)
 *(.init1)
 *(.init2)
 .init2         0x0000000000000082        0xc E:/MICROCHIP STUDIO/7.0/Packs/atmel/ATmega_DFP/1.7.374/xc8/avr/lib/avr5/memx-const/crtatmega324p.o
 *(.init2)
 *(.init3)
 *(.init3)
 *(.init4)
 .init4         0x000000000000008e       0x3c c:/program files/microchip/xc8/v2.36/avr/bin/../lib/gcc/avr/5.4.0/avr5/memx-const\libgcc.a(_copy_data.o)
                0x000000000000008e                __do_copy_data
                0x00000000000000bc                __do_clear_bss
 *(.init4)
 *(.init5)
 *(.init5)
 *(.init6)
 *(.init6)
 *(.init7)
 *(.init7)
 *(.init8)
 *(.init8)
 *(.init9)
 .init9         0x00000000000000ca        0x8 E:/MICROCHIP STUDIO/7.0/Packs/atmel/ATmega_DFP/1.7.374/xc8/avr/lib/avr5/memx-const/crtatmega324p.o
 *(.init9)
                0x00000000000000d2                . = ALIGN (0x2)
 *(.fini9)
 .fini9         0x00000000000000d2        0x0 c:/program files/microchip/xc8/v2.36/avr/bin/../lib/gcc/avr/5.4.0/avr5/memx-const\libgcc.a(_exit.o)
                0x00000000000000d2                _exit
 *(.fini9)
 *(.fini8)
 *(.fini8)
 *(.fini7)
 *(.fini7)
 *(.fini6)
 *(.fini6)
 *(.fini5)
 *(.fini5)
 *(.fini4)
 *(.fini4)
 *(.fini3)
 *(.fini3)
 *(.fini2)
 *(.fini2)
 *(.fini1)
 *(.fini1)
 *(.fini0)
 .fini0         0x00000000000000d2        0x4 c:/program files/microchip/xc8/v2.36/avr/bin/../lib/gcc/avr/5.4.0/avr5/memx-const\libgcc.a(_exit.o)
 *(.fini0)
                0x00000000000000d6                _etext = .

.data           0x0000000000800100        0x0 load address 0x00000000000000d6
                [!provide]                        PROVIDE (__data_start, .)
 *(.gnu.linkonce.d*)
 *(.gnu.linkonce.r*)
                0x0000000000800100                . = ALIGN (0x2)
                0x0000000000800100                _edata = .
                [!provide]                        PROVIDE (__data_end, .)

.bss            0x0000000000800100        0x0
                [!provide]                        PROVIDE (__bss_start, .)
 *(COMMON)
                [!provide]                        PROVIDE (__bss_end, .)
                0x00000000000000d6                __data_load_start = LOADADDR (.data)
                0x00000000000000d6                __data_load_end = (__data_load_start + SIZEOF (.data))

.noinit         0x0000000000800100        0x0
                [!provide]                        PROVIDE (__noinit_start, .)
 *(.noinit*)
                [!provide]                        PROVIDE (__noinit_end, .)
                0x0000000000800100                _end = .

.eeprom         0x0000000000810000        0x0
 *(.eeprom*)
                0x0000000000810000                __eeprom_end = .

.fuse
 *(.fuse)
 *(.lfuse)
 *(.hfuse)
 *(.efuse)

.lock
 *(.lock*)

.signature
 *(.signature*)

.user_signatures
 *(.user_signatures*)

.stab
 *(.stab)

.stabstr
 *(.stabstr)

.stab.excl
 *(.stab.excl)

.stab.exclstr
 *(.stab.exclstr)

.stab.index
 *(.stab.index)

.stab.indexstr
 *(.stab.indexstr)

.comment        0x0000000000000000       0x2f
 *(.comment)
 .comment       0x0000000000000000       0x2f APP/main.o
                                         0x30 (size before relaxing)
 .comment       0x000000000000002f       0x30 BSP/bsp_adc.o
 .comment       0x000000000000002f       0x30 BSP/bsp_i2c.o
 .comment       0x000000000000002f       0x30 BSP/bsp_timer.o
 .comment       0x000000000000002f       0x30 BSP/bsp_uart.o
 .comment       0x000000000000002f       0x30 DRIVER/components/adc.o
 .comment       0x000000000000002f       0x30 DRIVER/components/i2c.o
 .comment       0x000000000000002f       0x30 DRIVER/components/interrupt.o
 .comment       0x000000000000002f       0x30 DRIVER/components/timer.o
 .comment       0x000000000000002f       0x30 DRIVER/components/uart.o
 .comment       0x000000000000002f       0x30 DRIVER/devices/bme.o
 .comment       0x000000000000002f       0x30 MW/alarm.o
 .comment       0x000000000000002f       0x30 MW/print_uart.o
 .comment       0x000000000000002f       0x30 c:/program files/microchip/xc8/v2.36/avr/bin/../lib/gcc/avr/5.4.0/../../../../avr/lib/avr5/memx-const\libc.a(exit.o)
 .comment       0x000000000000002f       0x30 c:/program files/microchip/xc8/v2.36/avr/bin/../lib/gcc/avr/5.4.0/../../../../avr/lib/avr5/memx-const\libc.a(_Exit.o)

.stack.descriptors.hdr
                0x0000000000000000       0x8c
 .stack.descriptors.hdr
                0x0000000000000000        0xe c:/program files/microchip/xc8/v2.36/avr/bin/../lib/gcc/avr/5.4.0/avr5/memx-const\libgcc.a(_mulsi3.o)
 .stack.descriptors.hdr
                0x000000000000000e        0xe c:/program files/microchip/xc8/v2.36/avr/bin/../lib/gcc/avr/5.4.0/avr5/memx-const\libgcc.a(_udivmodsi4.o)
 .stack.descriptors.hdr
                0x000000000000001c        0xe c:/program files/microchip/xc8/v2.36/avr/bin/../lib/gcc/avr/5.4.0/avr5/memx-const\libgcc.a(_divmodsi4.o)
 .stack.descriptors.hdr
                0x000000000000002a        0xe c:/program files/microchip/xc8/v2.36/avr/bin/../lib/gcc/avr/5.4.0/avr5/memx-const\libgcc.a(_negsi2.o)
 .stack.descriptors.hdr
                0x0000000000000038        0xe c:/program files/microchip/xc8/v2.36/avr/bin/../lib/gcc/avr/5.4.0/avr5/memx-const\libgcc.a(_umulhisi3.o)
 .stack.descriptors.hdr
                0x0000000000000046        0xe c:/program files/microchip/xc8/v2.36/avr/bin/../lib/gcc/avr/5.4.0/avr5/memx-const\libgcc.a(_muluhisi3.o)
 .stack.descriptors.hdr
                0x0000000000000054        0xe c:/program files/microchip/xc8/v2.36/avr/bin/../lib/gcc/avr/5.4.0/avr5/memx-const\libgcc.a(_mulshisi3.o)
 .stack.descriptors.hdr
                0x0000000000000062        0xe E:/MICROCHIP STUDIO/7.0/Packs/atmel/ATmega_DFP/1.7.374/xc8/avr/lib/avr5/memx-const\libatmega324p.a(eerd_byte.o)
 .stack.descriptors.hdr
                0x0000000000000070        0xe E:/MICROCHIP STUDIO/7.0/Packs/atmel/ATmega_DFP/1.7.374/xc8/avr/lib/avr5/memx-const\libatmega324p.a(eeupd_byte.o)
 .stack.descriptors.hdr
                0x000000000000007e        0xe c:/program files/microchip/xc8/v2.36/avr/bin/../lib/gcc/avr/5.4.0/avr5/memx-const\libgcc.a(_exit.o)

.note.GNU-stack
                0x0000000000000000        0x0
 .note.GNU-stack
                0x0000000000000000        0x0 c:/program files/microchip/xc8/v2.36/avr/bin/../lib/gcc/avr/5.4.0/../../../../avr/lib/avr5/memx-const\libc.a(exit.o)
 .note.GNU-stack
                0x0000000000000000        0x0 c:/program files/microchip/xc8/v2.36/avr/bin/../lib/gcc/avr/5.4.0/../../../../avr/lib/avr5/memx-const\libc.a(_Exit.o)

.note.gnu.build-id
 *(.note.gnu.build-id)

.debug
 *(.debug)

.line
 *(.line)

.debug_srcinfo
 *(.debug_srcinfo)

.debug_sfnames
 *(.debug_sfnames)

.debug_aranges  0x0000000000000000      0x330
 *(.debug_aranges)
 .debug_aranges
                0x0000000000000000       0x28 APP/main.o
 .debug_aranges
                0x0000000000000028       0x28 BSP/bsp_adc.o
 .debug_aranges
                0x0000000000000050       0x60 BSP/bsp_i2c.o
 .debug_aranges
                0x00000000000000b0       0x30 BSP/bsp_timer.o
 .debug_aranges
                0x00000000000000e0       0x38 BSP/bsp_uart.o
 .debug_aranges
                0x0000000000000118       0x28 DRIVER/components/adc.o
 .debug_aranges
                0x0000000000000140       0x50 DRIVER/components/i2c.o
 .debug_aranges
                0x0000000000000190       0x30 DRIVER/components/interrupt.o
 .debug_aranges
                0x00000000000001c0       0x28 DRIVER/components/timer.o
 .debug_aranges
                0x00000000000001e8       0x70 DRIVER/components/uart.o
 .debug_aranges
                0x0000000000000258       0x40 DRIVER/devices/bme.o
 .debug_aranges
                0x0000000000000298       0x30 MW/alarm.o
 .debug_aranges
                0x00000000000002c8       0x28 MW/print_uart.o
 .debug_aranges
                0x00000000000002f0       0x20 E:/MICROCHIP STUDIO/7.0/Packs/atmel/ATmega_DFP/1.7.374/xc8/avr/lib/avr5/memx-const\libatmega324p.a(eerd_byte.o)
 .debug_aranges
                0x0000000000000310       0x20 E:/MICROCHIP STUDIO/7.0/Packs/atmel/ATmega_DFP/1.7.374/xc8/avr/lib/avr5/memx-const\libatmega324p.a(eeupd_byte.o)

.debug_pubnames
 *(.debug_pubnames)

.debug_info     0x0000000000000000     0x47cf
 *(.debug_info .gnu.linkonce.wi.*)
 .debug_info    0x0000000000000000      0x6cc E:/MICROCHIP STUDIO/7.0/Packs/atmel/ATmega_DFP/1.7.374/xc8/avr/lib/avr5/memx-const/crtatmega324p.o
 .debug_info    0x00000000000006cc      0xc81 APP/main.o
 .debug_info    0x000000000000134d      0x326 BSP/bsp_adc.o
 .debug_info    0x0000000000001673      0x5de BSP/bsp_i2c.o
 .debug_info    0x0000000000001c51      0x441 BSP/bsp_timer.o
 .debug_info    0x0000000000002092      0x40f BSP/bsp_uart.o
 .debug_info    0x00000000000024a1      0x320 DRIVER/components/adc.o
 .debug_info    0x00000000000027c1      0x3cc DRIVER/components/i2c.o
 .debug_info    0x0000000000002b8d      0x3a1 DRIVER/components/interrupt.o
 .debug_info    0x0000000000002f2e      0x339 DRIVER/components/timer.o
 .debug_info    0x0000000000003267      0x58e DRIVER/components/uart.o
 .debug_info    0x00000000000037f5      0x7b1 DRIVER/devices/bme.o
 .debug_info    0x0000000000003fa6      0x33d MW/alarm.o
 .debug_info    0x00000000000042e3      0x395 MW/print_uart.o
 .debug_info    0x0000000000004678       0xab E:/MICROCHIP STUDIO/7.0/Packs/atmel/ATmega_DFP/1.7.374/xc8/avr/lib/avr5/memx-const\libatmega324p.a(eerd_byte.o)
 .debug_info    0x0000000000004723       0xac E:/MICROCHIP STUDIO/7.0/Packs/atmel/ATmega_DFP/1.7.374/xc8/avr/lib/avr5/memx-const\libatmega324p.a(eeupd_byte.o)

.debug_abbrev   0x0000000000000000     0x10ca
 *(.debug_abbrev)
 .debug_abbrev  0x0000000000000000      0x66e E:/MICROCHIP STUDIO/7.0/Packs/atmel/ATmega_DFP/1.7.374/xc8/avr/lib/avr5/memx-const/crtatmega324p.o
 .debug_abbrev  0x000000000000066e       0xfb APP/main.o
 .debug_abbrev  0x0000000000000769       0xa7 BSP/bsp_adc.o
 .debug_abbrev  0x0000000000000810      0x107 BSP/bsp_i2c.o
 .debug_abbrev  0x0000000000000917      0x10f BSP/bsp_timer.o
 .debug_abbrev  0x0000000000000a26       0xd7 BSP/bsp_uart.o
 .debug_abbrev  0x0000000000000afd       0x7e DRIVER/components/adc.o
 .debug_abbrev  0x0000000000000b7b       0xc8 DRIVER/components/i2c.o
 .debug_abbrev  0x0000000000000c43       0x87 DRIVER/components/interrupt.o
 .debug_abbrev  0x0000000000000cca       0x87 DRIVER/components/timer.o
 .debug_abbrev  0x0000000000000d51       0xfb DRIVER/components/uart.o
 .debug_abbrev  0x0000000000000e4c      0x118 DRIVER/devices/bme.o
 .debug_abbrev  0x0000000000000f64       0x64 MW/alarm.o
 .debug_abbrev  0x0000000000000fc8       0xda MW/print_uart.o
 .debug_abbrev  0x00000000000010a2       0x14 E:/MICROCHIP STUDIO/7.0/Packs/atmel/ATmega_DFP/1.7.374/xc8/avr/lib/avr5/memx-const\libatmega324p.a(eerd_byte.o)
 .debug_abbrev  0x00000000000010b6       0x14 E:/MICROCHIP STUDIO/7.0/Packs/atmel/ATmega_DFP/1.7.374/xc8/avr/lib/avr5/memx-const\libatmega324p.a(eeupd_byte.o)

.debug_line     0x0000000000000000     0x1619
 *(.debug_line .debug_line.* .debug_line_end)
 .debug_line    0x0000000000000000      0x155 E:/MICROCHIP STUDIO/7.0/Packs/atmel/ATmega_DFP/1.7.374/xc8/avr/lib/avr5/memx-const/crtatmega324p.o
 .debug_line    0x0000000000000155      0x4b0 APP/main.o
 .debug_line    0x0000000000000605       0x96 BSP/bsp_adc.o
 .debug_line    0x000000000000069b      0x1d0 BSP/bsp_i2c.o
 .debug_line    0x000000000000086b      0x110 BSP/bsp_timer.o
 .debug_line    0x000000000000097b       0xd0 BSP/bsp_uart.o
 .debug_line    0x0000000000000a4b       0xf2 DRIVER/components/adc.o
 .debug_line    0x0000000000000b3d      0x196 DRIVER/components/i2c.o
 .debug_line    0x0000000000000cd3      0x11d DRIVER/components/interrupt.o
 .debug_line    0x0000000000000df0       0xe4 DRIVER/components/timer.o
 .debug_line    0x0000000000000ed4      0x28a DRIVER/components/uart.o
 .debug_line    0x000000000000115e      0x222 DRIVER/devices/bme.o
 .debug_line    0x0000000000001380       0x81 MW/alarm.o
 .debug_line    0x0000000000001401       0xdd MW/print_uart.o
 .debug_line    0x00000000000014de       0x82 E:/MICROCHIP STUDIO/7.0/Packs/atmel/ATmega_DFP/1.7.374/xc8/avr/lib/avr5/memx-const\libatmega324p.a(eerd_byte.o)
 .debug_line    0x0000000000001560       0xb9 E:/MICROCHIP STUDIO/7.0/Packs/atmel/ATmega_DFP/1.7.374/xc8/avr/lib/avr5/memx-const\libatmega324p.a(eeupd_byte.o)

.debug_frame    0x0000000000000000      0x688
 *(.debug_frame)
 .debug_frame   0x0000000000000000       0x90 APP/main.o
 .debug_frame   0x0000000000000090       0x34 BSP/bsp_adc.o
 .debug_frame   0x00000000000000c4       0xe4 BSP/bsp_i2c.o
 .debug_frame   0x00000000000001a8       0x70 BSP/bsp_timer.o
 .debug_frame   0x0000000000000218       0x68 BSP/bsp_uart.o
 .debug_frame   0x0000000000000280       0x34 DRIVER/components/adc.o
 .debug_frame   0x00000000000002b4       0x84 DRIVER/components/i2c.o
 .debug_frame   0x0000000000000338       0x44 DRIVER/components/interrupt.o
 .debug_frame   0x000000000000037c       0x34 DRIVER/components/timer.o
 .debug_frame   0x00000000000003b0       0xfc DRIVER/components/uart.o
 .debug_frame   0x00000000000004ac      0x13c DRIVER/devices/bme.o
 .debug_frame   0x00000000000005e8       0x44 MW/alarm.o
 .debug_frame   0x000000000000062c       0x5c MW/print_uart.o

.debug_str      0x0000000000000000      0x452
 *(.debug_str)
 .debug_str     0x0000000000000000      0x255 E:/MICROCHIP STUDIO/7.0/Packs/atmel/ATmega_DFP/1.7.374/xc8/avr/lib/avr5/memx-const/crtatmega324p.o
 .debug_str     0x0000000000000255       0xd4 APP/main.o
 .debug_str     0x0000000000000329       0x14 BSP/bsp_adc.o
 .debug_str     0x000000000000033d       0x67 BSP/bsp_i2c.o
 .debug_str     0x00000000000003a4       0x23 BSP/bsp_timer.o
 .debug_str     0x00000000000003c7       0x3d BSP/bsp_uart.o
 .debug_str     0x0000000000000404        0x0 DRIVER/components/adc.o
 .debug_str     0x0000000000000404        0x0 DRIVER/components/i2c.o
 .debug_str     0x0000000000000404        0x0 DRIVER/components/interrupt.o
 .debug_str     0x0000000000000404        0x0 DRIVER/components/timer.o
 .debug_str     0x0000000000000404        0x0 DRIVER/components/uart.o
 .debug_str     0x0000000000000404       0x34 DRIVER/devices/bme.o
 .debug_str     0x0000000000000438        0xe MW/alarm.o
 .debug_str     0x0000000000000446        0xc MW/print_uart.o

.debug_loc      0x0000000000000000     0x1765
 *(.debug_loc)
 .debug_loc     0x0000000000000000      0x4c2 APP/main.o
 .debug_loc     0x00000000000004c2       0x21 BSP/bsp_adc.o
 .debug_loc     0x00000000000004e3      0x2aa BSP/bsp_i2c.o
 .debug_loc     0x000000000000078d      0x1b6 BSP/bsp_timer.o
 .debug_loc     0x0000000000000943       0xd2 BSP/bsp_uart.o
 .debug_loc     0x0000000000000a15       0x59 DRIVER/components/adc.o
 .debug_loc     0x0000000000000a6e       0x50 DRIVER/components/i2c.o
 .debug_loc     0x0000000000000abe       0x63 DRIVER/components/interrupt.o
 .debug_loc     0x0000000000000b21       0x36 DRIVER/components/timer.o
 .debug_loc     0x0000000000000b57      0x27e DRIVER/components/uart.o
 .debug_loc     0x0000000000000dd5      0x828 DRIVER/devices/bme.o
 .debug_loc     0x00000000000015fd      0x168 MW/print_uart.o

.debug_macinfo
 *(.debug_macinfo)

.debug_weaknames
 *(.debug_weaknames)

.debug_funcnames
 *(.debug_funcnames)

.debug_typenames
 *(.debug_typenames)

.debug_varnames
 *(.debug_varnames)

.debug_pubtypes
 *(.debug_pubtypes)

.debug_ranges   0x0000000000000000      0x220
 *(.debug_ranges)
 .debug_ranges  0x0000000000000000       0x18 APP/main.o
 .debug_ranges  0x0000000000000018       0x18 BSP/bsp_adc.o
 .debug_ranges  0x0000000000000030       0x50 BSP/bsp_i2c.o
 .debug_ranges  0x0000000000000080       0x20 BSP/bsp_timer.o
 .debug_ranges  0x00000000000000a0       0x28 BSP/bsp_uart.o
 .debug_ranges  0x00000000000000c8       0x18 DRIVER/components/adc.o
 .debug_ranges  0x00000000000000e0       0x40 DRIVER/components/i2c.o
 .debug_ranges  0x0000000000000120       0x20 DRIVER/components/interrupt.o
 .debug_ranges  0x0000000000000140       0x18 DRIVER/components/timer.o
 .debug_ranges  0x0000000000000158       0x60 DRIVER/components/uart.o
 .debug_ranges  0x00000000000001b8       0x30 DRIVER/devices/bme.o
 .debug_ranges  0x00000000000001e8       0x20 MW/alarm.o
 .debug_ranges  0x0000000000000208       0x18 MW/print_uart.o

.debug_macro
 *(.debug_macro)
OUTPUT(FIRMWARE.elf elf32-avr)
LOAD linker stubs
LOAD data_init

.note.gnu.avr.deviceinfo
                0x0000000000000000       0x40
 .note.gnu.avr.deviceinfo
                0x0000000000000000       0x40 E:/MICROCHIP STUDIO/7.0/Packs/atmel/ATmega_DFP/1.7.374/xc8/avr/lib/avr5/memx-const/crtatmega324p.o

.bss.t_fine     0x0000000000800100        0x4
 .bss.t_fine    0x0000000000800100        0x4 DRIVER/devices/bme.o

.progmemx.data  0x00000000000000d6      0x125
 .progmemx.data
                0x00000000000000d6      0x125 APP/main.o

.text.bme_read_hPa
                0x00000000000001fc      0x40a
 .text.bme_read_hPa
                0x00000000000001fc      0x40a DRIVER/devices/bme.o
                0x00000000000001fc                bme_read_hPa

.text.main      0x0000000000000606      0x332
 .text.main     0x0000000000000606      0x332 APP/main.o
                0x0000000000000606                main

.text.bme_read_oC
                0x0000000000000938      0x1b6
 .text.bme_read_oC
                0x0000000000000938      0x1b6 DRIVER/devices/bme.o
                0x0000000000000938                bme_read_oC

.text.__vector_3
                0x0000000000000aee      0x18e
 .text.__vector_3
                0x0000000000000aee      0x18e APP/main.o
                0x0000000000000aee                __vector_3

.text.print_uart1_int
                0x0000000000000c7c       0xb2
 .text.print_uart1_int
                0x0000000000000c7c       0xb2 MW/print_uart.o
                0x0000000000000c7c                print_uart1_int

.text.uart_set  0x0000000000000d2e       0xa2
 .text.uart_set
                0x0000000000000d2e       0xa2 DRIVER/components/uart.o
                0x0000000000000d2e                uart_set

.text.compute_ocr
                0x0000000000000dd0       0x94
 .text.compute_ocr
                0x0000000000000dd0       0x94 BSP/bsp_timer.o

.text.bsp_i2c_read_frame
                0x0000000000000e64       0x7e
 .text.bsp_i2c_read_frame
                0x0000000000000e64       0x7e BSP/bsp_i2c.o
                0x0000000000000e64                bsp_i2c_read_frame

.text.bme_config
                0x0000000000000ee2       0x6e
 .text.bme_config
                0x0000000000000ee2       0x6e DRIVER/devices/bme.o
                0x0000000000000ee2                bme_config

.text.bsp_i2c_write_frame
                0x0000000000000f50       0x5c
 .text.bsp_i2c_write_frame
                0x0000000000000f50       0x5c BSP/bsp_i2c.o
                0x0000000000000f50                bsp_i2c_write_frame

.text.libgcc.div
                0x0000000000000fac       0x44
 .text.libgcc.div
                0x0000000000000fac       0x44 c:/program files/microchip/xc8/v2.36/avr/bin/../lib/gcc/avr/5.4.0/avr5/memx-const\libgcc.a(_udivmodsi4.o)
                0x0000000000000fac                __udivmodsi4

.text.bsp_make_wave
                0x0000000000000ff0       0x38
 .text.bsp_make_wave
                0x0000000000000ff0       0x38 BSP/bsp_timer.o
                0x0000000000000ff0                bsp_make_wave

.text.adc_read  0x0000000000001028       0x32
 .text.adc_read
                0x0000000000001028       0x32 DRIVER/components/adc.o
                0x0000000000001028                adc_read

.text.bme_read16u
                0x000000000000105a       0x30
 .text.bme_read16u
                0x000000000000105a       0x30 DRIVER/devices/bme.o

.text.libgcc.div
                0x000000000000108a       0x2e
 .text.libgcc.div
                0x000000000000108a       0x2e c:/program files/microchip/xc8/v2.36/avr/bin/../lib/gcc/avr/5.4.0/avr5/memx-const\libgcc.a(_divmodsi4.o)
                0x000000000000108a                __divmodsi4

.text.INT2_init
                0x00000000000010b8       0x2c
 .text.INT2_init
                0x00000000000010b8       0x2c DRIVER/components/interrupt.o
                0x00000000000010b8                INT2_init

.text.print_uart1_str
                0x00000000000010e4       0x2c
 .text.print_uart1_str
                0x00000000000010e4       0x2c MW/print_uart.o
                0x00000000000010e4                print_uart1_str

.text.timer_int
                0x0000000000001110       0x24
 .text.timer_int
                0x0000000000001110       0x24 DRIVER/components/timer.o
                0x0000000000001110                timer_int

.text.avrlibc   0x0000000000001134       0x24
 .text.avrlibc  0x0000000000001134       0x24 E:/MICROCHIP STUDIO/7.0/Packs/atmel/ATmega_DFP/1.7.374/xc8/avr/lib/avr5/memx-const\libatmega324p.a(eeupd_byte.o)
                0x0000000000001134                eeprom_update_byte
                0x0000000000001136                eeprom_update_r18

.text.bsp_uart_init
                0x0000000000001158       0x22
 .text.bsp_uart_init
                0x0000000000001158       0x22 BSP/bsp_uart.o
                0x0000000000001158                bsp_uart_init

.text.libgcc.mul
                0x000000000000117a       0x20
 .text.libgcc.mul
                0x000000000000117a       0x20 c:/program files/microchip/xc8/v2.36/avr/bin/../lib/gcc/avr/5.4.0/avr5/memx-const\libgcc.a(_mulsi3.o)
                0x000000000000117a                __mulsi3

.text.timer_make_wave
                0x000000000000119a       0x1e
 .text.timer_make_wave
                0x000000000000119a       0x1e DRIVER/components/timer.o
                0x000000000000119a                timer_make_wave

.text.libgcc.mul
                0x00000000000011b8       0x1e
 .text.libgcc.mul
                0x00000000000011b8       0x1e c:/program files/microchip/xc8/v2.36/avr/bin/../lib/gcc/avr/5.4.0/avr5/memx-const\libgcc.a(_umulhisi3.o)
                0x00000000000011b8                __umulhisi3

.text.libgcc.mul
                0x00000000000011d6       0x16
 .text.libgcc.mul
                0x00000000000011d6       0x16 c:/program files/microchip/xc8/v2.36/avr/bin/../lib/gcc/avr/5.4.0/avr5/memx-const\libgcc.a(_muluhisi3.o)
                0x00000000000011d6                __muluhisi3

.text.exit      0x00000000000011ec       0x16
 .text.exit     0x00000000000011ec       0x16 c:/program files/microchip/xc8/v2.36/avr/bin/../lib/gcc/avr/5.4.0/../../../../avr/lib/avr5/memx-const\libc.a(exit.o)
                0x00000000000011ec                exit

.text.TWI_writeByte
                0x0000000000001202       0x14
 .text.TWI_writeByte
                0x0000000000001202       0x14 DRIVER/components/i2c.o
                0x0000000000001202                TWI_writeByte

.text.TWI_readByteWithACK
                0x0000000000001216       0x14
 .text.TWI_readByteWithACK
                0x0000000000001216       0x14 DRIVER/components/i2c.o
                0x0000000000001216                TWI_readByteWithACK

.text.TWI_readByteWithNACK
                0x000000000000122a       0x14
 .text.TWI_readByteWithNACK
                0x000000000000122a       0x14 DRIVER/components/i2c.o
                0x000000000000122a                TWI_readByteWithNACK

.text.TWI_init  0x000000000000123e       0x12
 .text.TWI_init
                0x000000000000123e       0x12 DRIVER/components/i2c.o
                0x000000000000123e                TWI_init

.text.avrlibc   0x0000000000001250       0x12
 .text.avrlibc  0x0000000000001250       0x12 E:/MICROCHIP STUDIO/7.0/Packs/atmel/ATmega_DFP/1.7.374/xc8/avr/lib/avr5/memx-const\libatmega324p.a(eerd_byte.o)
                0x0000000000001250                eeprom_read_byte

.text.TWI_start
                0x0000000000001262       0x10
 .text.TWI_start
                0x0000000000001262       0x10 DRIVER/components/i2c.o
                0x0000000000001262                TWI_start

.text.libgcc.div
                0x0000000000001272       0x10
 .text.libgcc.div
                0x0000000000001272       0x10 c:/program files/microchip/xc8/v2.36/avr/bin/../lib/gcc/avr/5.4.0/avr5/memx-const\libgcc.a(_negsi2.o)
                0x0000000000001272                __negsi2

.text.libgcc.mul
                0x0000000000001282       0x10
 .text.libgcc.mul
                0x0000000000001282       0x10 c:/program files/microchip/xc8/v2.36/avr/bin/../lib/gcc/avr/5.4.0/avr5/memx-const\libgcc.a(_mulshisi3.o)
                0x0000000000001282                __mulshisi3
                0x0000000000001288                __mulohisi3

.text.adc_config
                0x0000000000001292        0xe
 .text.adc_config
                0x0000000000001292        0xe DRIVER/components/adc.o
                0x0000000000001292                adc_config

.text.UART1_send
                0x00000000000012a0        0xe
 .text.UART1_send
                0x00000000000012a0        0xe DRIVER/components/uart.o
                0x00000000000012a0                UART1_send

.text.UART0_recv
                0x00000000000012ae        0xe
 .text.UART0_recv
                0x00000000000012ae        0xe DRIVER/components/uart.o
                0x00000000000012ae                UART0_recv

.text.UART0_init
                0x00000000000012bc        0xc
 .text.UART0_init
                0x00000000000012bc        0xc DRIVER/components/uart.o
                0x00000000000012bc                UART0_init

.text.UART1_init
                0x00000000000012c8        0xc
 .text.UART1_init
                0x00000000000012c8        0xc DRIVER/components/uart.o
                0x00000000000012c8                UART1_init

.text.high_alarm
                0x00000000000012d4        0xc
 .text.high_alarm
                0x00000000000012d4        0xc MW/alarm.o
                0x00000000000012d4                high_alarm

.text.low_alarm
                0x00000000000012e0        0xc
 .text.low_alarm
                0x00000000000012e0        0xc MW/alarm.o
                0x00000000000012e0                low_alarm

.text.pause_wave
                0x00000000000012ec        0xc
 .text.pause_wave
                0x00000000000012ec        0xc MW/alarm.o
                0x00000000000012ec                pause_wave

.text.TWI_stop  0x00000000000012f8        0x8
 .text.TWI_stop
                0x00000000000012f8        0x8 DRIVER/components/i2c.o
                0x00000000000012f8                TWI_stop

.text.bsp_adc_init
                0x0000000000001300        0x6
 .text.bsp_adc_init
                0x0000000000001300        0x6 BSP/bsp_adc.o
                0x0000000000001300                bsp_adc_init

.text.bsp_adc_read
                0x0000000000001306        0x6
 .text.bsp_adc_read
                0x0000000000001306        0x6 BSP/bsp_adc.o
                0x0000000000001306                bsp_adc_read

.text.bsp_i2c_init
                0x000000000000130c        0x6
 .text.bsp_i2c_init
                0x000000000000130c        0x6 BSP/bsp_i2c.o
                0x000000000000130c                bsp_i2c_init

.text.bsp_i2c_start
                0x0000000000001312        0x6
 .text.bsp_i2c_start
                0x0000000000001312        0x6 BSP/bsp_i2c.o
                0x0000000000001312                bsp_i2c_start

.text.bsp_i2c_restart
                0x0000000000001318        0x6
 .text.bsp_i2c_restart
                0x0000000000001318        0x6 BSP/bsp_i2c.o
                0x0000000000001318                bsp_i2c_restart

.text.bsp_i2c_stop
                0x000000000000131e        0x6
 .text.bsp_i2c_stop
                0x000000000000131e        0x6 BSP/bsp_i2c.o
                0x000000000000131e                bsp_i2c_stop

.text.bsp_i2c_readAck
                0x0000000000001324        0x6
 .text.bsp_i2c_readAck
                0x0000000000001324        0x6 BSP/bsp_i2c.o
                0x0000000000001324                bsp_i2c_readAck

.text.bsp_i2c_readNack
                0x000000000000132a        0x6
 .text.bsp_i2c_readNack
                0x000000000000132a        0x6 BSP/bsp_i2c.o
                0x000000000000132a                bsp_i2c_readNack

.text.bsp_i2c_write
                0x0000000000001330        0x6
 .text.bsp_i2c_write
                0x0000000000001330        0x6 BSP/bsp_i2c.o
                0x0000000000001330                bsp_i2c_write

.text.bsp_timer_int
                0x0000000000001336        0x6
 .text.bsp_timer_int
                0x0000000000001336        0x6 BSP/bsp_timer.o
                0x0000000000001336                bsp_timer_int

.text.bsp_uart_rx
                0x000000000000133c        0x6
 .text.bsp_uart_rx
                0x000000000000133c        0x6 BSP/bsp_uart.o
                0x000000000000133c                bsp_uart_rx

.text.bsp_uart_tx
                0x0000000000001342        0x6
 .text.bsp_uart_tx
                0x0000000000001342        0x6 BSP/bsp_uart.o
                0x0000000000001342                bsp_uart_tx

.text.bme_read16s
                0x0000000000001348        0x6
 .text.bme_read16s
                0x0000000000001348        0x6 DRIVER/devices/bme.o

.text           0x000000000000134e        0x4
 .text          0x000000000000134e        0x4 E:/MICROCHIP STUDIO/7.0/Packs/atmel/ATmega_DFP/1.7.374/xc8/avr/lib/avr5/memx-const/crtatmega324p.o
                0x000000000000134e                __vector_22
                0x000000000000134e                __vector_28
                0x000000000000134e                __vector_1
                0x000000000000134e                __vector_24
                0x000000000000134e                __vector_12
                0x000000000000134e                __bad_interrupt
                0x000000000000134e                __vector_6
                0x000000000000134e                __vector_23
                0x000000000000134e                __vector_30
                0x000000000000134e                __vector_25
                0x000000000000134e                __vector_11
                0x000000000000134e                __vector_13
                0x000000000000134e                __vector_17
                0x000000000000134e                __vector_19
                0x000000000000134e                __vector_7
                0x000000000000134e                __vector_27
                0x000000000000134e                __vector_5
                0x000000000000134e                __vector_4
                0x000000000000134e                __vector_9
                0x000000000000134e                __vector_2
                0x000000000000134e                __vector_21
                0x000000000000134e                __vector_15
                0x000000000000134e                __vector_29
                0x000000000000134e                __vector_8
                0x000000000000134e                __vector_26
                0x000000000000134e                __vector_14
                0x000000000000134e                __vector_10
                0x000000000000134e                __vector_16
                0x000000000000134e                __vector_18
                0x000000000000134e                __vector_20

.text._Exit     0x0000000000001352        0x4
 .text._Exit    0x0000000000001352        0x4 c:/program files/microchip/xc8/v2.36/avr/bin/../lib/gcc/avr/5.4.0/../../../../avr/lib/avr5/memx-const\libc.a(_Exit.o)
                0x0000000000001352                _Exit

.text.__dummy_fini
                0x0000000000001356        0x2
 .text.__dummy_fini
                0x0000000000001356        0x2 c:/program files/microchip/xc8/v2.36/avr/bin/../lib/gcc/avr/5.4.0/../../../../avr/lib/avr5/memx-const\libc.a(exit.o)
                0x0000000000001356                _fini

.text.__dummy_funcs_on_exit
                0x0000000000001358        0x2
 .text.__dummy_funcs_on_exit
                0x0000000000001358        0x2 c:/program files/microchip/xc8/v2.36/avr/bin/../lib/gcc/avr/5.4.0/../../../../avr/lib/avr5/memx-const\libc.a(exit.o)
                0x0000000000001358                __funcs_on_exit

.text.__dummy_simulator_exit
                0x000000000000135a        0x2
 .text.__dummy_simulator_exit
                0x000000000000135a        0x2 c:/program files/microchip/xc8/v2.36/avr/bin/../lib/gcc/avr/5.4.0/../../../../avr/lib/avr5/memx-const\libc.a(exit.o)
                0x000000000000135a                __simulator_exit
